thepaypay@DESKTOP-HUJV8K0:~/PumpRacer$ git pull origin main
Username for 'https://github.com': thepaypay420
Password for 'https://thepaypay420@github.com':
remote: Enumerating objects: 11, done.
remote: Counting objects: 100% (11/11), done.
remote: Compressing objects: 100% (2/2), done.
remote: Total 6 (delta 2), reused 6 (delta 2), pack-reused 0 (from 0)
Unpacking objects: 100% (6/6), 1.04 KiB | 267.00 KiB/s, done.
From https://github.com/thepaypay420/PumpRacer
 * branch            main       -> FETCH_HEAD
   1407088..a4da1b5  main       -> origin/main
Updating 1407088..a4da1b5
Fast-forward
 programs/raceswap/src/lib.rs | 15 ++++++++++-----
 1 file changed, 10 insertions(+), 5 deletions(-)
thepaypay@DESKTOP-HUJV8K0:~/PumpRacer$ sed -n '385,390p' programs/raceswap/src/lib.rs
            is_signer = false;
        }

        metas.push(AccountMeta {
            pubkey: *account.key,
            is_signer,
thepaypay@DESKTOP-HUJV8K0:~/PumpRacer$ anchor build --program-name raceswap
WARNING: `anchor-lang` version(0.30.1) and the current CLI version(0.32.1) don't match.

        This can lead to unwanted behavior. To use the same CLI version, add:

        [toolchain]
        anchor_version = "0.30.1"

        to Anchor.toml

WARNING: Adding `solana-program` as a separate dependency might cause conflicts.
To solve, remove the `solana-program` dependency and use the exported crate from `anchor-lang`.
`use solana_program` becomes `use anchor_lang::solana_program`.
Program name: `raceswap`

   Compiling raceswap v0.1.0 (/home/thepaypay/PumpRacer/programs/raceswap)
warning: unexpected `cfg` condition value: `custom-heap`
  --> programs/raceswap/src/lib.rs:17:1
   |
17 | #[program]
   | ^^^^^^^^^^
   |
   = note: expected values for `feature` are: `cpi`, `default`, `idl-build`, `no-entrypoint`, `no-idl`, and `no-log-ix-name`
   = help: consider adding `custom-heap` as a feature in `Cargo.toml`
   = note: see <https://doc.rust-lang.org/nightly/rustc/check-cfg/cargo-specifics.html> for more information about checking conditional configuration
   = note: `#[warn(unexpected_cfgs)]` on by default
   = note: this warning originates in the macro `$crate::custom_heap_default` which comes from the expansion of the attribute macro `program` (in Nightly builds, run with -Z macro-backtrace for more info)

warning: unexpected `cfg` condition value: `custom-panic`
  --> programs/raceswap/src/lib.rs:17:1
   |
17 | #[program]
   | ^^^^^^^^^^
   |
   = note: expected values for `feature` are: `cpi`, `default`, `idl-build`, `no-entrypoint`, `no-idl`, and `no-log-ix-name`
   = help: consider adding `custom-panic` as a feature in `Cargo.toml`
   = note: see <https://doc.rust-lang.org/nightly/rustc/check-cfg/cargo-specifics.html> for more information about checking conditional configuration
   = note: this warning originates in the macro `$crate::custom_panic_default` which comes from the expansion of the attribute macro `program` (in Nightly builds, run with -Z macro-backtrace for more info)

warning: unused import: `invoke_signed`
 --> programs/raceswap/src/lib.rs:4:23
  |
4 |     program::{invoke, invoke_signed},
  |                       ^^^^^^^^^^^^^
  |
  = note: `#[warn(unused_imports)]` on by default

warning: unexpected `cfg` condition value: `anchor-debug`
  --> programs/raceswap/src/lib.rs:17:1
   |
17 | #[program]
   | ^^^^^^^^^^
   |
   = note: expected values for `feature` are: `cpi`, `default`, `idl-build`, `no-entrypoint`, `no-idl`, and `no-log-ix-name`
   = help: consider adding `anchor-debug` as a feature in `Cargo.toml`
   = note: see <https://doc.rust-lang.org/nightly/rustc/check-cfg/cargo-specifics.html> for more information about checking conditional configuration
   = note: this warning originates in the attribute macro `program` (in Nightly builds, run with -Z macro-backtrace for more info)

warning: unexpected `cfg` condition value: `anchor-debug`
  --> programs/raceswap/src/lib.rs:17:1
   |
17 | #[program]
   | ^^^^^^^^^^
   |
   = note: expected values for `feature` are: `cpi`, `default`, `idl-build`, `no-entrypoint`, `no-idl`, and `no-log-ix-name`
   = help: consider adding `anchor-debug` as a feature in `Cargo.toml`
   = note: see <https://doc.rust-lang.org/nightly/rustc/check-cfg/cargo-specifics.html> for more information about checking conditional configuration
   = note: this warning originates in the derive macro `Accounts` (in Nightly builds, run with -Z macro-backtrace for more info)

warning: unexpected `cfg` condition value: `anchor-debug`
   --> programs/raceswap/src/lib.rs:409:10
    |
409 | #[derive(Accounts)]
    |          ^^^^^^^^
    |
    = note: expected values for `feature` are: `cpi`, `default`, `idl-build`, `no-entrypoint`, `no-idl`, and `no-log-ix-name`
    = help: consider adding `anchor-debug` as a feature in `Cargo.toml`
    = note: see <https://doc.rust-lang.org/nightly/rustc/check-cfg/cargo-specifics.html> for more information about checking conditional configuration
    = note: this warning originates in the derive macro `Accounts` (in Nightly builds, run with -Z macro-backtrace for more info)

warning: unexpected `cfg` condition value: `anchor-debug`
   --> programs/raceswap/src/lib.rs:424:10
    |
424 | #[derive(Accounts)]
    |          ^^^^^^^^
    |
    = note: expected values for `feature` are: `cpi`, `default`, `idl-build`, `no-entrypoint`, `no-idl`, and `no-log-ix-name`
    = help: consider adding `anchor-debug` as a feature in `Cargo.toml`
    = note: see <https://doc.rust-lang.org/nightly/rustc/check-cfg/cargo-specifics.html> for more information about checking conditional configuration
    = note: this warning originates in the derive macro `Accounts` (in Nightly builds, run with -Z macro-backtrace for more info)

warning: unexpected `cfg` condition value: `anchor-debug`
   --> programs/raceswap/src/lib.rs:435:10
    |
435 | #[derive(Accounts)]
    |          ^^^^^^^^
    |
    = note: expected values for `feature` are: `cpi`, `default`, `idl-build`, `no-entrypoint`, `no-idl`, and `no-log-ix-name`
    = help: consider adding `anchor-debug` as a feature in `Cargo.toml`
    = note: see <https://doc.rust-lang.org/nightly/rustc/check-cfg/cargo-specifics.html> for more information about checking conditional configuration
    = note: this warning originates in the derive macro `Accounts` (in Nightly builds, run with -Z macro-backtrace for more info)

warning: `raceswap` (lib) generated 13 warnings (5 duplicates) (run `cargo fix --lib -p raceswap` to apply 1 suggestion)
    Finished `release` profile [optimized] target(s) in 3.25s
   Compiling raceswap v0.1.0 (/home/thepaypay/PumpRacer/programs/raceswap)
    Finished `test` profile [unoptimized + debuginfo] target(s) in 2.75s
     Running unittests src/lib.rs (/home/thepaypay/PumpRacer/target/debug/deps/raceswap-0fee79b45808dd5d)
     Running tests/encoder.rs (/home/thepaypay/PumpRacer/target/debug/deps/encoder-9e3972433d0ad21a)
thepaypay@DESKTOP-HUJV8K0:~/PumpRacer$ solana program deploy target/deploy/raceswap.so --program-id Cy63SzwBBCP5ywaByjUrLuUXQ4pXP9nR7e7kdQqp5uLk
Blockhash expired. 4 retries remaining
=================================================================================
Recover the intermediate account's ephemeral keypair file with
`solana-keygen recover` and the following 12-word seed phrase:
=================================================================================
lonely wisdom despair slim velvet december absorb volume risk glimpse silk charge
=================================================================================
To resume a deploy, pass the recovered keypair as the
[BUFFER_SIGNER] to `solana program deploy` or `solana program write-buffer'.
Or to recover the account's lamports, use:
=================================================================================
solana program close 4JsQTqeGjdgsEfgwH75J8yqh5dGq4fuZgymLro1ezkfq
=================================================================================
Error: 213 write transactions failed
thepaypay@DESKTOP-HUJV8K0:~/PumpRacer$ solana program close 4JsQTqeGjdgsEfgwH75J8yqh5dGq4fuZgymLro1ezkfq

Buffer Address                               | Authority                                    | Balance
4JsQTqeGjdgsEfgwH75J8yqh5dGq4fuZgymLro1ezkfq | 6yHeKfbTqSDiDgteku2ExJNcF3VghXxAGUEPPyjwqT4u | 2.062366326 SOL

thepaypay@DESKTOP-HUJV8K0:~/PumpRacer$ solana program deploy target/deploy/raceswap.so --program-id Cy63SzwBBCP5ywaByjUrLuUXQ4pXP9nR7e7kdQqp5uLk
Blockhash expired. 4 retries remaining
===========================================================================
Recover the intermediate account's ephemeral keypair file with
`solana-keygen recover` and the following 12-word seed phrase:
===========================================================================
crouch parent pink ribbon limit amount mask scissors april arch post sunset
===========================================================================
To resume a deploy, pass the recovered keypair as the
[BUFFER_SIGNER] to `solana program deploy` or `solana program write-buffer'.
Or to recover the account's lamports, use:
===========================================================================
solana program close GdxFUo3xLY9vVcmLCfMFRnxyLzK9hbknX1sGvp93D2Xi
===========================================================================
Error: 239 write transactions failed
thepaypay@DESKTOP-HUJV8K0:~/PumpRacer$ solana program close GdxFUo3xLY9vVcmLCfMFRnxyLzK9hbknX1sGvp93D2Xi

Buffer Address                               | Authority                                    | Balance
GdxFUo3xLY9vVcmLCfMFRnxyLzK9hbknX1sGvp93D2Xi | 6yHeKfbTqSDiDgteku2ExJNcF3VghXxAGUEPPyjwqT4u | 2.062366322 SOL

thepaypay@DESKTOP-HUJV8K0:~/PumpRacer$ solana program deploy target/deploy/raceswap.so --program-id Cy63SzwBBCP5ywaByjUrLuUXQ4pXP9nR7e7kdQqp5uLk
Blockhash expired. 4 retries remaining
Program Id: Cy63SzwBBCP5ywaByjUrLuUXQ4pXP9nR7e7kdQqp5uLk

Signature: 5JBEFEfmNBQZqdFQf12GnuJXgvHsd643usYsE1gp6SNz2SWPsFXmLJxf5GF4Sro9BK5BoA9prTs3Bv3DK9NCPizL

thepaypay@DESKTOP-HUJV8K0:~/PumpRacer$